<html>
<body>
<pre>
<h1>µVision Build Log</h1>
<h2>Project:</h2>
V:\KT\ARM\switch\swa.uvproj
Project File Date:  08/24/2016

<h2>Output:</h2>
Build target 'Target 1'
compiling switch.c...
linking...
Program Size: Code=856 RO-data=16 RW-data=0 ZI-data=1256  
"swa.axf" - 0 Error(s), 0 Warning(s).
Build target 'Target 1'
linking...
Program Size: Code=856 RO-data=16 RW-data=0 ZI-data=1256  
"swa.axf" - 0 Error(s), 0 Warning(s).
Build target 'Target 1'
linking...
Program Size: Code=856 RO-data=16 RW-data=0 ZI-data=1256  
"swa.axf" - 0 Error(s), 0 Warning(s).
Build target 'Target 1'
compiling switch.c...
linking...
Program Size: Code=856 RO-data=16 RW-data=0 ZI-data=1256  
"swa.axf" - 0 Error(s), 0 Warning(s).
Build target 'Target 1'
linking...
Program Size: Code=856 RO-data=16 RW-data=0 ZI-data=1256  
"swa.axf" - 0 Error(s), 0 Warning(s).
Build target 'Target 1'
linking...
Program Size: Code=856 RO-data=16 RW-data=0 ZI-data=1256  
"swa.axf" - 0 Error(s), 0 Warning(s).
Build target 'Target 1'
linking...
Program Size: Code=856 RO-data=16 RW-data=0 ZI-data=1256  
"swa.axf" - 0 Error(s), 0 Warning(s).
Build target 'Target 1'
linking...
Program Size: Code=856 RO-data=16 RW-data=0 ZI-data=1256  
"swa.axf" - 0 Error(s), 0 Warning(s).
Build target 'Target 1'
linking...
Program Size: Code=856 RO-data=16 RW-data=0 ZI-data=1256  
FromELF: creating hex file...
"swa.axf" - 0 Error(s), 0 Warning(s).
Build target 'Target 1'
linking...
Program Size: Code=856 RO-data=16 RW-data=0 ZI-data=1256  
FromELF: creating hex file...
"swa.axf" - 0 Error(s), 0 Warning(s).
Build target 'Target 1'
linking...
Program Size: Code=856 RO-data=16 RW-data=0 ZI-data=1256  
FromELF: creating hex file...
"swa.axf" - 0 Error(s), 0 Warning(s).
Build target 'Target 1'
compiling switch.c...
linking...
Program Size: Code=856 RO-data=16 RW-data=0 ZI-data=1256  
FromELF: creating hex file...
"swa.axf" - 0 Error(s), 0 Warning(s).
Build target 'Target 1'
linking...
Program Size: Code=856 RO-data=16 RW-data=0 ZI-data=1256  
FromELF: creating hex file...
"swa.axf" - 0 Error(s), 0 Warning(s).
Build target 'Target 1'
linking...
Program Size: Code=856 RO-data=16 RW-data=0 ZI-data=1256  
FromELF: creating hex file...
"swa.axf" - 0 Error(s), 0 Warning(s).
